Archive member included to satisfy reference by file (symbol)

c:/st/stm32cubeide_1.12.1/stm32cubeide/plugins/com.st.stm32cube.ide.mcu.externaltools.gnu-tools-for-stm32.10.3-2021.10.win32_1.0.200.202301161003/tools/bin/../lib/gcc/arm-none-eabi/10.3.1/../../../../arm-none-eabi/lib/thumb/v7-m/nofp\libc_nano.a(lib_a-errno.o)
                              ./Core/Src/syscalls.o (__errno)
c:/st/stm32cubeide_1.12.1/stm32cubeide/plugins/com.st.stm32cube.ide.mcu.externaltools.gnu-tools-for-stm32.10.3-2021.10.win32_1.0.200.202301161003/tools/bin/../lib/gcc/arm-none-eabi/10.3.1/../../../../arm-none-eabi/lib/thumb/v7-m/nofp\libc_nano.a(lib_a-exit.o)
                              c:/st/stm32cubeide_1.12.1/stm32cubeide/plugins/com.st.stm32cube.ide.mcu.externaltools.gnu-tools-for-stm32.10.3-2021.10.win32_1.0.200.202301161003/tools/bin/../lib/gcc/arm-none-eabi/10.3.1/../../../../arm-none-eabi/lib/thumb/v7-m/nofp/crt0.o (exit)
c:/st/stm32cubeide_1.12.1/stm32cubeide/plugins/com.st.stm32cube.ide.mcu.externaltools.gnu-tools-for-stm32.10.3-2021.10.win32_1.0.200.202301161003/tools/bin/../lib/gcc/arm-none-eabi/10.3.1/../../../../arm-none-eabi/lib/thumb/v7-m/nofp\libc_nano.a(lib_a-impure.o)
                              c:/st/stm32cubeide_1.12.1/stm32cubeide/plugins/com.st.stm32cube.ide.mcu.externaltools.gnu-tools-for-stm32.10.3-2021.10.win32_1.0.200.202301161003/tools/bin/../lib/gcc/arm-none-eabi/10.3.1/../../../../arm-none-eabi/lib/thumb/v7-m/nofp\libc_nano.a(lib_a-exit.o) (_global_impure_ptr)
c:/st/stm32cubeide_1.12.1/stm32cubeide/plugins/com.st.stm32cube.ide.mcu.externaltools.gnu-tools-for-stm32.10.3-2021.10.win32_1.0.200.202301161003/tools/bin/../lib/gcc/arm-none-eabi/10.3.1/../../../../arm-none-eabi/lib/thumb/v7-m/nofp\libc_nano.a(lib_a-init.o)
                              c:/st/stm32cubeide_1.12.1/stm32cubeide/plugins/com.st.stm32cube.ide.mcu.externaltools.gnu-tools-for-stm32.10.3-2021.10.win32_1.0.200.202301161003/tools/bin/../lib/gcc/arm-none-eabi/10.3.1/../../../../arm-none-eabi/lib/thumb/v7-m/nofp/crt0.o (__libc_init_array)
c:/st/stm32cubeide_1.12.1/stm32cubeide/plugins/com.st.stm32cube.ide.mcu.externaltools.gnu-tools-for-stm32.10.3-2021.10.win32_1.0.200.202301161003/tools/bin/../lib/gcc/arm-none-eabi/10.3.1/../../../../arm-none-eabi/lib/thumb/v7-m/nofp\libc_nano.a(lib_a-memset.o)
                              c:/st/stm32cubeide_1.12.1/stm32cubeide/plugins/com.st.stm32cube.ide.mcu.externaltools.gnu-tools-for-stm32.10.3-2021.10.win32_1.0.200.202301161003/tools/bin/../lib/gcc/arm-none-eabi/10.3.1/../../../../arm-none-eabi/lib/thumb/v7-m/nofp/crt0.o (memset)

Discarded input sections

 .text          0x0000000000000000        0x0 c:/st/stm32cubeide_1.12.1/stm32cubeide/plugins/com.st.stm32cube.ide.mcu.externaltools.gnu-tools-for-stm32.10.3-2021.10.win32_1.0.200.202301161003/tools/bin/../lib/gcc/arm-none-eabi/10.3.1/thumb/v7-m/nofp/crti.o
 .data          0x0000000000000000        0x0 c:/st/stm32cubeide_1.12.1/stm32cubeide/plugins/com.st.stm32cube.ide.mcu.externaltools.gnu-tools-for-stm32.10.3-2021.10.win32_1.0.200.202301161003/tools/bin/../lib/gcc/arm-none-eabi/10.3.1/thumb/v7-m/nofp/crti.o
 .bss           0x0000000000000000        0x0 c:/st/stm32cubeide_1.12.1/stm32cubeide/plugins/com.st.stm32cube.ide.mcu.externaltools.gnu-tools-for-stm32.10.3-2021.10.win32_1.0.200.202301161003/tools/bin/../lib/gcc/arm-none-eabi/10.3.1/thumb/v7-m/nofp/crti.o
 .data          0x0000000000000000        0x4 c:/st/stm32cubeide_1.12.1/stm32cubeide/plugins/com.st.stm32cube.ide.mcu.externaltools.gnu-tools-for-stm32.10.3-2021.10.win32_1.0.200.202301161003/tools/bin/../lib/gcc/arm-none-eabi/10.3.1/thumb/v7-m/nofp/crtbegin.o
 .rodata        0x0000000000000000       0x24 c:/st/stm32cubeide_1.12.1/stm32cubeide/plugins/com.st.stm32cube.ide.mcu.externaltools.gnu-tools-for-stm32.10.3-2021.10.win32_1.0.200.202301161003/tools/bin/../lib/gcc/arm-none-eabi/10.3.1/thumb/v7-m/nofp/crtbegin.o
 .text          0x0000000000000000       0x7c c:/st/stm32cubeide_1.12.1/stm32cubeide/plugins/com.st.stm32cube.ide.mcu.externaltools.gnu-tools-for-stm32.10.3-2021.10.win32_1.0.200.202301161003/tools/bin/../lib/gcc/arm-none-eabi/10.3.1/../../../../arm-none-eabi/lib/thumb/v7-m/nofp/crt0.o
 .data          0x0000000000000000        0x0 c:/st/stm32cubeide_1.12.1/stm32cubeide/plugins/com.st.stm32cube.ide.mcu.externaltools.gnu-tools-for-stm32.10.3-2021.10.win32_1.0.200.202301161003/tools/bin/../lib/gcc/arm-none-eabi/10.3.1/../../../../arm-none-eabi/lib/thumb/v7-m/nofp/crt0.o
 .bss           0x0000000000000000        0x0 c:/st/stm32cubeide_1.12.1/stm32cubeide/plugins/com.st.stm32cube.ide.mcu.externaltools.gnu-tools-for-stm32.10.3-2021.10.win32_1.0.200.202301161003/tools/bin/../lib/gcc/arm-none-eabi/10.3.1/../../../../arm-none-eabi/lib/thumb/v7-m/nofp/crt0.o
[...]
Memory Configuration

Name             Origin             Length             Attributes
RAM              0x0000000020000000 0x0000000000002800 xrw
FLASH            0x0000000008000000 0x0000000000008000 xr
*default*        0x0000000000000000 0xffffffffffffffff

Linker script and memory map

LOAD c:/st/stm32cubeide_1.12.1/stm32cubeide/plugins/com.st.stm32cube.ide.mcu.externaltools.gnu-tools-for-stm32.10.3-2021.10.win32_1.0.200.202301161003/tools/bin/../lib/gcc/arm-none-eabi/10.3.1/thumb/v7-m/nofp/crti.o
LOAD c:/st/stm32cubeide_1.12.1/stm32cubeide/plugins/com.st.stm32cube.ide.mcu.externaltools.gnu-tools-for-stm32.10.3-2021.10.win32_1.0.200.202301161003/tools/bin/../lib/gcc/arm-none-eabi/10.3.1/thumb/v7-m/nofp/crtbegin.o
LOAD c:/st/stm32cubeide_1.12.1/stm32cubeide/plugins/com.st.stm32cube.ide.mcu.externaltools.gnu-tools-for-stm32.10.3-2021.10.win32_1.0.200.202301161003/tools/bin/../lib/gcc/arm-none-eabi/10.3.1/../../../../arm-none-eabi/lib/thumb/v7-m/nofp/crt0.o
LOAD ./Core/Src/POV_Display.o
LOAD ./Core/Src/POV_DisplayCFG.o
LOAD ./Core/Src/main.o
LOAD ./Core/Src/stm32f1xx_hal_msp.o
LOAD ./Core/Src/stm32f1xx_it.o
LOAD ./Core/Src/syscalls.o
LOAD ./Core/Src/sysmem.o
LOAD ./Core/Src/system_stm32f1xx.o
LOAD ./Core/Startup/startup_stm32f103c6tx.o
LOAD ./Drivers/STM32F1xx_HAL_Driver/Src/stm32f1xx_hal.o
LOAD ./Drivers/STM32F1xx_HAL_Driver/Src/stm32f1xx_hal_cortex.o
LOAD ./Drivers/STM32F1xx_HAL_Driver/Src/stm32f1xx_hal_dma.o
LOAD ./Drivers/STM32F1xx_HAL_Driver/Src/stm32f1xx_hal_exti.o
LOAD ./Drivers/STM32F1xx_HAL_Driver/Src/stm32f1xx_hal_flash.o
LOAD ./Drivers/STM32F1xx_HAL_Driver/Src/stm32f1xx_hal_flash_ex.o
LOAD ./Drivers/STM32F1xx_HAL_Driver/Src/stm32f1xx_hal_gpio.o
LOAD ./Drivers/STM32F1xx_HAL_Driver/Src/stm32f1xx_hal_gpio_ex.o
LOAD ./Drivers/STM32F1xx_HAL_Driver/Src/stm32f1xx_hal_pwr.o
LOAD ./Drivers/STM32F1xx_HAL_Driver/Src/stm32f1xx_hal_rcc.o
LOAD ./Drivers/STM32F1xx_HAL_Driver/Src/stm32f1xx_hal_rcc_ex.o
LOAD ./Drivers/STM32F1xx_HAL_Driver/Src/stm32f1xx_hal_tim.o
LOAD ./Drivers/STM32F1xx_HAL_Driver/Src/stm32f1xx_hal_tim_ex.o
START GROUP
LOAD c:/st/stm32cubeide_1.12.1/stm32cubeide/plugins/com.st.stm32cube.ide.mcu.externaltools.gnu-tools-for-stm32.10.3-2021.10.win32_1.0.200.202301161003/tools/bin/../lib/gcc/arm-none-eabi/10.3.1/../../../../arm-none-eabi/lib/thumb/v7-m/nofp\libc_nano.a
LOAD c:/st/stm32cubeide_1.12.1/stm32cubeide/plugins/com.st.stm32cube.ide.mcu.externaltools.gnu-tools-for-stm32.10.3-2021.10.win32_1.0.200.202301161003/tools/bin/../lib/gcc/arm-none-eabi/10.3.1/../../../../arm-none-eabi/lib/thumb/v7-m/nofp\libm.a
END GROUP
START GROUP
LOAD c:/st/stm32cubeide_1.12.1/stm32cubeide/plugins/com.st.stm32cube.ide.mcu.externaltools.gnu-tools-for-stm32.10.3-2021.10.win32_1.0.200.202301161003/tools/bin/../lib/gcc/arm-none-eabi/10.3.1/thumb/v7-m/nofp\libgcc.a
LOAD c:/st/stm32cubeide_1.12.1/stm32cubeide/plugins/com.st.stm32cube.ide.mcu.externaltools.gnu-tools-for-stm32.10.3-2021.10.win32_1.0.200.202301161003/tools/bin/../lib/gcc/arm-none-eabi/10.3.1/../../../../arm-none-eabi/lib/thumb/v7-m/nofp\libc_nano.a
END GROUP
START GROUP
LOAD c:/st/stm32cubeide_1.12.1/stm32cubeide/plugins/com.st.stm32cube.ide.mcu.externaltools.gnu-tools-for-stm32.10.3-2021.10.win32_1.0.200.202301161003/tools/bin/../lib/gcc/arm-none-eabi/10.3.1/thumb/v7-m/nofp\libgcc.a
LOAD c:/st/stm32cubeide_1.12.1/stm32cubeide/plugins/com.st.stm32cube.ide.mcu.externaltools.gnu-tools-for-stm32.10.3-2021.10.win32_1.0.200.202301161003/tools/bin/../lib/gcc/arm-none-eabi/10.3.1/../../../../arm-none-eabi/lib/thumb/v7-m/nofp\libc_nano.a
LOAD c:/st/stm32cubeide_1.12.1/stm32cubeide/plugins/com.st.stm32cube.ide.mcu.externaltools.gnu-tools-for-stm32.10.3-2021.10.win32_1.0.200.202301161003/tools/bin/../lib/gcc/arm-none-eabi/10.3.1/../../../../arm-none-eabi/lib/thumb/v7-m/nofp\libnosys.a
END GROUP
START GROUP
LOAD c:/st/stm32cubeide_1.12.1/stm32cubeide/plugins/com.st.stm32cube.ide.mcu.externaltools.gnu-tools-for-stm32.10.3-2021.10.win32_1.0.200.202301161003/tools/bin/../lib/gcc/arm-none-eabi/10.3.1/thumb/v7-m/nofp\libgcc.a
LOAD c:/st/stm32cubeide_1.12.1/stm32cubeide/plugins/com.st.stm32cube.ide.mcu.externaltools.gnu-tools-for-stm32.10.3-2021.10.win32_1.0.200.202301161003/tools/bin/../lib/gcc/arm-none-eabi/10.3.1/../../../../arm-none-eabi/lib/thumb/v7-m/nofp\libc_nano.a
LOAD c:/st/stm32cubeide_1.12.1/stm32cubeide/plugins/com.st.stm32cube.ide.mcu.externaltools.gnu-tools-for-stm32.10.3-2021.10.win32_1.0.200.202301161003/tools/bin/../lib/gcc/arm-none-eabi/10.3.1/../../../../arm-none-eabi/lib/thumb/v7-m/nofp\libnosys.a
END GROUP
LOAD c:/st/stm32cubeide_1.12.1/stm32cubeide/plugins/com.st.stm32cube.ide.mcu.externaltools.gnu-tools-for-stm32.10.3-2021.10.win32_1.0.200.202301161003/tools/bin/../lib/gcc/arm-none-eabi/10.3.1/thumb/v7-m/nofp/crtend.o
LOAD c:/st/stm32cubeide_1.12.1/stm32cubeide/plugins/com.st.stm32cube.ide.mcu.externaltools.gnu-tools-for-stm32.10.3-2021.10.win32_1.0.200.202301161003/tools/bin/../lib/gcc/arm-none-eabi/10.3.1/thumb/v7-m/nofp/crtn.o
                0x0000000020002800                _estack = (ORIGIN (RAM) + LENGTH (RAM))
                0x0000000000000200                _Min_Heap_Size = 0x200
                0x0000000000000400                _Min_Stack_Size = 0x400

.isr_vector     0x0000000008000000      0x10c
                0x0000000008000000                . = ALIGN (0x4)
 *(.isr_vector)
 .isr_vector    0x0000000008000000      0x10c ./Core/Startup/startup_stm32f103c6tx.o
                0x0000000008000000                g_pfnVectors
                0x000000000800010c                . = ALIGN (0x4)

.text           0x000000000800010c     0x2724
                0x000000000800010c                . = ALIGN (0x4)
 *(.text)
 .text          0x000000000800010c       0x40 c:/st/stm32cubeide_1.12.1/stm32cubeide/plugins/com.st.stm32cube.ide.mcu.externaltools.gnu-tools-for-stm32.10.3-2021.10.win32_1.0.200.202301161003/tools/bin/../lib/gcc/arm-none-eabi/10.3.1/thumb/v7-m/nofp/crtbegin.o
 *(.text*)
 .text.POV_IntervalsDisplay
                0x000000000800014c       0x54 ./Core/Src/POV_Display.o
 .text.setTIM3InterruptPeriod
                0x00000000080001a0       0x44 ./Core/Src/POV_Display.o
 .text.POV_Init
                0x00000000080001e4       0x6c ./Core/Src/POV_Display.o
                0x00000000080001e4                POV_Init
 .text.POV_WriteChar
                0x0000000008000250       0xb8 ./Core/Src/POV_Display.o
                0x0000000008000250                POV_WriteChar
 .text.POV_SetCursor
                0x0000000008000308       0x3c ./Core/Src/POV_Display.o
                0x0000000008000308                POV_SetCursor
 .text.POV_Clear
                0x0000000008000344       0x44 ./Core/Src/POV_Display.o
                0x0000000008000344                POV_Clear
 .text.POV_WriteString
                0x0000000008000388       0x2c ./Core/Src/POV_Display.o
                0x0000000008000388                POV_WriteString
 .text.POV_WriteStringInPos
                0x00000000080003b4       0x22 ./Core/Src/POV_Display.o
                0x00000000080003b4                POV_WriteStringInPos
 *fill*         0x00000000080003d6        0x2 
 .text.POV_DrawBitmap
                0x00000000080003d8       0x48 ./Core/Src/POV_Display.o
                0x00000000080003d8                POV_DrawBitmap
 .text.HAL_TIM_PeriodElapsedCallback
                0x0000000008000420       0x80 ./Core/Src/POV_Display.o
                0x0000000008000420                HAL_TIM_PeriodElapsedCallback
 .text.HAL_TIM_IC_CaptureCallback
                0x00000000080004a0       0x9c ./Core/Src/POV_Display.o
                0x00000000080004a0                HAL_TIM_IC_CaptureCallback
 .text.main     0x000000000800053c       0xa8 ./Core/Src/main.o
                0x000000000800053c                main
 .text.SystemClock_Config
                0x00000000080005e4       0x8a ./Core/Src/main.o
                0x00000000080005e4                SystemClock_Config
 *fill*         0x000000000800066e        0x2 
 .text.MX_TIM2_Init
                0x0000000008000670       0xe0 ./Core/Src/main.o
 .text.MX_TIM3_Init
                0x0000000008000750       0x98 ./Core/Src/main.o
 .text.MX_GPIO_Init
                0x00000000080007e8      0x104 ./Core/Src/main.o
 .text.Error_Handler
                0x00000000080008ec        0xa ./Core/Src/main.o
                0x00000000080008ec                Error_Handler
 *fill*         0x00000000080008f6        0x2 
 .text.HAL_MspInit
                0x00000000080008f8       0x64 ./Core/Src/stm32f1xx_hal_msp.o
                0x00000000080008f8                HAL_MspInit
 .text.HAL_TIM_Base_MspInit
                0x000000000800095c       0xc0 ./Core/Src/stm32f1xx_hal_msp.o
                0x000000000800095c                HAL_TIM_Base_MspInit
 .text.NMI_Handler
                0x0000000008000a1c        0x6 ./Core/Src/stm32f1xx_it.o
                0x0000000008000a1c                NMI_Handler
 .text.HardFault_Handler
                0x0000000008000a22        0x6 ./Core/Src/stm32f1xx_it.o
                0x0000000008000a22                HardFault_Handler
 .text.MemManage_Handler
                0x0000000008000a28        0x6 ./Core/Src/stm32f1xx_it.o
                0x0000000008000a28                MemManage_Handler
 .text.BusFault_Handler
                0x0000000008000a2e        0x6 ./Core/Src/stm32f1xx_it.o
                0x0000000008000a2e                BusFault_Handler
 .text.UsageFault_Handler
                0x0000000008000a34        0x6 ./Core/Src/stm32f1xx_it.o
                0x0000000008000a34                UsageFault_Handler
 .text.SVC_Handler
                0x0000000008000a3a        0xc ./Core/Src/stm32f1xx_it.o
                0x0000000008000a3a                SVC_Handler
 .text.DebugMon_Handler
                0x0000000008000a46        0xc ./Core/Src/stm32f1xx_it.o
                0x0000000008000a46                DebugMon_Handler
 .text.PendSV_Handler
                0x0000000008000a52        0xc ./Core/Src/stm32f1xx_it.o
                0x0000000008000a52                PendSV_Handler
 .text.SysTick_Handler
                0x0000000008000a5e        0xc ./Core/Src/stm32f1xx_it.o
                0x0000000008000a5e                SysTick_Handler
 *fill*         0x0000000008000a6a        0x2 
 .text.TIM2_IRQHandler
                0x0000000008000a6c       0x14 ./Core/Src/stm32f1xx_it.o
                0x0000000008000a6c                TIM2_IRQHandler
 .text.TIM3_IRQHandler
                0x0000000008000a80       0x14 ./Core/Src/stm32f1xx_it.o
                0x0000000008000a80                TIM3_IRQHandler
 .text.SystemInit
                0x0000000008000a94        0xc ./Core/Src/system_stm32f1xx.o
                0x0000000008000a94                SystemInit
 .text.Reset_Handler
                0x0000000008000aa0       0x48 ./Core/Startup/startup_stm32f103c6tx.o
                0x0000000008000aa0                Reset_Handler
 .text.Default_Handler
                0x0000000008000ae8        0x2 ./Core/Startup/startup_stm32f103c6tx.o
                0x0000000008000ae8                RTC_Alarm_IRQHandler
                0x0000000008000ae8                EXTI2_IRQHandler
                0x0000000008000ae8                TIM1_CC_IRQHandler
                0x0000000008000ae8                PVD_IRQHandler
                0x0000000008000ae8                EXTI3_IRQHandler
                0x0000000008000ae8                EXTI0_IRQHandler
                0x0000000008000ae8                ADC1_2_IRQHandler
                0x0000000008000ae8                SPI1_IRQHandler
                0x0000000008000ae8                TAMPER_IRQHandler
                0x0000000008000ae8                DMA1_Channel4_IRQHandler
                0x0000000008000ae8                RTC_IRQHandler
                0x0000000008000ae8                DMA1_Channel7_IRQHandler
                0x0000000008000ae8                CAN1_RX1_IRQHandler
                0x0000000008000ae8                I2C1_EV_IRQHandler
                0x0000000008000ae8                DMA1_Channel6_IRQHandler
                0x0000000008000ae8                RCC_IRQHandler
                0x0000000008000ae8                TIM1_TRG_COM_IRQHandler
                0x0000000008000ae8                DMA1_Channel1_IRQHandler
                0x0000000008000ae8                Default_Handler
                0x0000000008000ae8                EXTI15_10_IRQHandler
                0x0000000008000ae8                EXTI9_5_IRQHandler
                0x0000000008000ae8                DMA1_Channel5_IRQHandler
                0x0000000008000ae8                EXTI4_IRQHandler
                0x0000000008000ae8                USB_LP_CAN1_RX0_IRQHandler
                0x0000000008000ae8                USB_HP_CAN1_TX_IRQHandler
                0x0000000008000ae8                DMA1_Channel3_IRQHandler
                0x0000000008000ae8                TIM1_UP_IRQHandler
                0x0000000008000ae8                WWDG_IRQHandler
                0x0000000008000ae8                TIM1_BRK_IRQHandler
                0x0000000008000ae8                EXTI1_IRQHandler
                0x0000000008000ae8                USART2_IRQHandler
                0x0000000008000ae8                DMA1_Channel2_IRQHandler
                0x0000000008000ae8                CAN1_SCE_IRQHandler
                0x0000000008000ae8                FLASH_IRQHandler
                0x0000000008000ae8                USART1_IRQHandler
                0x0000000008000ae8                I2C1_ER_IRQHandler
                0x0000000008000ae8                USBWakeUp_IRQHandler
 *fill*         0x0000000008000aea        0x2 
 .text.HAL_Init
                0x0000000008000aec       0x2c ./Drivers/STM32F1xx_HAL_Driver/Src/stm32f1xx_hal.o
                0x0000000008000aec                HAL_Init
 .text.HAL_InitTick
                0x0000000008000b18       0x60 ./Drivers/STM32F1xx_HAL_Driver/Src/stm32f1xx_hal.o
                0x0000000008000b18                HAL_InitTick
 .text.HAL_IncTick
                0x0000000008000b78       0x24 ./Drivers/STM32F1xx_HAL_Driver/Src/stm32f1xx_hal.o
                0x0000000008000b78                HAL_IncTick
 .text.HAL_GetTick
                0x0000000008000b9c       0x14 ./Drivers/STM32F1xx_HAL_Driver/Src/stm32f1xx_hal.o
                0x0000000008000b9c                HAL_GetTick
 .text.HAL_Delay
                0x0000000008000bb0       0x48 ./Drivers/STM32F1xx_HAL_Driver/Src/stm32f1xx_hal.o
                0x0000000008000bb0                HAL_Delay
 .text.__NVIC_SetPriorityGrouping
                0x0000000008000bf8       0x48 ./Drivers/STM32F1xx_HAL_Driver/Src/stm32f1xx_hal_cortex.o
 .text.__NVIC_GetPriorityGrouping
                0x0000000008000c40       0x1c ./Drivers/STM32F1xx_HAL_Driver/Src/stm32f1xx_hal_cortex.o
 .text.__NVIC_EnableIRQ
                0x0000000008000c5c       0x38 ./Drivers/STM32F1xx_HAL_Driver/Src/stm32f1xx_hal_cortex.o
 .text.__NVIC_SetPriority
                0x0000000008000c94       0x54 ./Drivers/STM32F1xx_HAL_Driver/Src/stm32f1xx_hal_cortex.o
 .text.NVIC_EncodePriority
                0x0000000008000ce8       0x64 ./Drivers/STM32F1xx_HAL_Driver/Src/stm32f1xx_hal_cortex.o
 .text.SysTick_Config
                0x0000000008000d4c       0x44 ./Drivers/STM32F1xx_HAL_Driver/Src/stm32f1xx_hal_cortex.o
 .text.HAL_NVIC_SetPriorityGrouping
                0x0000000008000d90       0x16 ./Drivers/STM32F1xx_HAL_Driver/Src/stm32f1xx_hal_cortex.o
                0x0000000008000d90                HAL_NVIC_SetPriorityGrouping
 .text.HAL_NVIC_SetPriority
                0x0000000008000da6       0x38 ./Drivers/STM32F1xx_HAL_Driver/Src/stm32f1xx_hal_cortex.o
                0x0000000008000da6                HAL_NVIC_SetPriority
 .text.HAL_NVIC_EnableIRQ
                0x0000000008000dde       0x1c ./Drivers/STM32F1xx_HAL_Driver/Src/stm32f1xx_hal_cortex.o
                0x0000000008000dde                HAL_NVIC_EnableIRQ
 .text.HAL_SYSTICK_Config
                0x0000000008000dfa       0x18 ./Drivers/STM32F1xx_HAL_Driver/Src/stm32f1xx_hal_cortex.o
                0x0000000008000dfa                HAL_SYSTICK_Config
 *fill*         0x0000000008000e12        0x2 
 .text.HAL_GPIO_Init
                0x0000000008000e14      0x2f8 ./Drivers/STM32F1xx_HAL_Driver/Src/stm32f1xx_hal_gpio.o
                0x0000000008000e14                HAL_GPIO_Init
 .text.HAL_GPIO_WritePin
                0x000000000800110c       0x30 ./Drivers/STM32F1xx_HAL_Driver/Src/stm32f1xx_hal_gpio.o
                0x000000000800110c                HAL_GPIO_WritePin
 .text.HAL_GPIO_TogglePin
                0x000000000800113c       0x32 ./Drivers/STM32F1xx_HAL_Driver/Src/stm32f1xx_hal_gpio.o
                0x000000000800113c                HAL_GPIO_TogglePin
 *fill*         0x000000000800116e        0x2 
 .text.HAL_RCC_OscConfig
                0x0000000008001170      0x504 ./Drivers/STM32F1xx_HAL_Driver/Src/stm32f1xx_hal_rcc.o
                0x0000000008001170                HAL_RCC_OscConfig
 .text.HAL_RCC_ClockConfig
                0x0000000008001674      0x1d4 ./Drivers/STM32F1xx_HAL_Driver/Src/stm32f1xx_hal_rcc.o
                0x0000000008001674                HAL_RCC_ClockConfig
 .text.HAL_RCC_GetSysClockFreq
                0x0000000008001848       0xa8 ./Drivers/STM32F1xx_HAL_Driver/Src/stm32f1xx_hal_rcc.o
                0x0000000008001848                HAL_RCC_GetSysClockFreq
 .text.RCC_Delay
                0x00000000080018f0       0x3c ./Drivers/STM32F1xx_HAL_Driver/Src/stm32f1xx_hal_rcc.o
 .text.HAL_TIM_Base_Init
                0x000000000800192c       0x9e ./Drivers/STM32F1xx_HAL_Driver/Src/stm32f1xx_hal_tim.o
                0x000000000800192c                HAL_TIM_Base_Init
 *fill*         0x00000000080019ca        0x2 
 .text.HAL_TIM_Base_Start_IT
                0x00000000080019cc       0x98 ./Drivers/STM32F1xx_HAL_Driver/Src/stm32f1xx_hal_tim.o
                0x00000000080019cc                HAL_TIM_Base_Start_IT
 .text.HAL_TIM_IC_Init
                0x0000000008001a64       0x9e ./Drivers/STM32F1xx_HAL_Driver/Src/stm32f1xx_hal_tim.o
                0x0000000008001a64                HAL_TIM_IC_Init
 .text.HAL_TIM_IC_MspInit
                0x0000000008001b02       0x12 ./Drivers/STM32F1xx_HAL_Driver/Src/stm32f1xx_hal_tim.o
                0x0000000008001b02                HAL_TIM_IC_MspInit
 .text.HAL_TIM_IC_Start_IT
                0x0000000008001b14      0x20c ./Drivers/STM32F1xx_HAL_Driver/Src/stm32f1xx_hal_tim.o
                0x0000000008001b14                HAL_TIM_IC_Start_IT
 .text.HAL_TIM_IRQHandler
                0x0000000008001d20      0x210 ./Drivers/STM32F1xx_HAL_Driver/Src/stm32f1xx_hal_tim.o
                0x0000000008001d20                HAL_TIM_IRQHandler
 .text.HAL_TIM_IC_ConfigChannel
                0x0000000008001f30      0x138 ./Drivers/STM32F1xx_HAL_Driver/Src/stm32f1xx_hal_tim.o
                0x0000000008001f30                HAL_TIM_IC_ConfigChannel
 .text.HAL_TIM_ConfigClockSource
                0x0000000008002068      0x18e ./Drivers/STM32F1xx_HAL_Driver/Src/stm32f1xx_hal_tim.o
                0x0000000008002068                HAL_TIM_ConfigClockSource
 *fill*         0x00000000080021f6        0x2 
 .text.HAL_TIM_ReadCapturedValue
                0x00000000080021f8       0x88 ./Drivers/STM32F1xx_HAL_Driver/Src/stm32f1xx_hal_tim.o
                0x00000000080021f8                HAL_TIM_ReadCapturedValue
 .text.HAL_TIM_OC_DelayElapsedCallback
                0x0000000008002280       0x12 ./Drivers/STM32F1xx_HAL_Driver/Src/stm32f1xx_hal_tim.o
                0x0000000008002280                HAL_TIM_OC_DelayElapsedCallback
 .text.HAL_TIM_PWM_PulseFinishedCallback
                0x0000000008002292       0x12 ./Drivers/STM32F1xx_HAL_Driver/Src/stm32f1xx_hal_tim.o
                0x0000000008002292                HAL_TIM_PWM_PulseFinishedCallback
 .text.HAL_TIM_TriggerCallback
                0x00000000080022a4       0x12 ./Drivers/STM32F1xx_HAL_Driver/Src/stm32f1xx_hal_tim.o
                0x00000000080022a4                HAL_TIM_TriggerCallback
 *fill*         0x00000000080022b6        0x2 
 .text.TIM_Base_SetConfig
                0x00000000080022b8       0xb0 ./Drivers/STM32F1xx_HAL_Driver/Src/stm32f1xx_hal_tim.o
                0x00000000080022b8                TIM_Base_SetConfig
 .text.TIM_TI1_SetConfig
                0x0000000008002368       0xa8 ./Drivers/STM32F1xx_HAL_Driver/Src/stm32f1xx_hal_tim.o
                0x0000000008002368                TIM_TI1_SetConfig
 .text.TIM_TI1_ConfigInputStage
                0x0000000008002410       0x5c ./Drivers/STM32F1xx_HAL_Driver/Src/stm32f1xx_hal_tim.o
 .text.TIM_TI2_SetConfig
                0x000000000800246c       0x78 ./Drivers/STM32F1xx_HAL_Driver/Src/stm32f1xx_hal_tim.o
 .text.TIM_TI2_ConfigInputStage
                0x00000000080024e4       0x5e ./Drivers/STM32F1xx_HAL_Driver/Src/stm32f1xx_hal_tim.o
 .text.TIM_TI3_SetConfig
                0x0000000008002542       0x76 ./Drivers/STM32F1xx_HAL_Driver/Src/stm32f1xx_hal_tim.o
 .text.TIM_TI4_SetConfig
                0x00000000080025b8       0x78 ./Drivers/STM32F1xx_HAL_Driver/Src/stm32f1xx_hal_tim.o
 .text.TIM_ITRx_SetConfig
                0x0000000008002630       0x34 ./Drivers/STM32F1xx_HAL_Driver/Src/stm32f1xx_hal_tim.o
 .text.TIM_ETR_SetConfig
                0x0000000008002664       0x3e ./Drivers/STM32F1xx_HAL_Driver/Src/stm32f1xx_hal_tim.o
                0x0000000008002664                TIM_ETR_SetConfig
 .text.TIM_CCxChannelCmd
                0x00000000080026a2       0x48 ./Drivers/STM32F1xx_HAL_Driver/Src/stm32f1xx_hal_tim.o
                0x00000000080026a2                TIM_CCxChannelCmd
 *fill*         0x00000000080026ea        0x2 
 .text.HAL_TIMEx_MasterConfigSynchronization
                0x00000000080026ec       0xb0 ./Drivers/STM32F1xx_HAL_Driver/Src/stm32f1xx_hal_tim_ex.o
                0x00000000080026ec                HAL_TIMEx_MasterConfigSynchronization
 .text.HAL_TIMEx_CommutCallback
                0x000000000800279c       0x12 ./Drivers/STM32F1xx_HAL_Driver/Src/stm32f1xx_hal_tim_ex.o
                0x000000000800279c                HAL_TIMEx_CommutCallback
 .text.HAL_TIMEx_BreakCallback
                0x00000000080027ae       0x12 ./Drivers/STM32F1xx_HAL_Driver/Src/stm32f1xx_hal_tim_ex.o
                0x00000000080027ae                HAL_TIMEx_BreakCallback
 .text.__libc_init_array
                0x00000000080027c0       0x48 c:/st/stm32cubeide_1.12.1/stm32cubeide/plugins/com.st.stm32cube.ide.mcu.externaltools.gnu-tools-for-stm32.10.3-2021.10.win32_1.0.200.202301161003/tools/bin/../lib/gcc/arm-none-eabi/10.3.1/../../../../arm-none-eabi/lib/thumb/v7-m/nofp\libc_nano.a(lib_a-init.o)
                0x00000000080027c0                __libc_init_array
 .text.memset   0x0000000008002808       0x10 c:/st/stm32cubeide_1.12.1/stm32cubeide/plugins/com.st.stm32cube.ide.mcu.externaltools.gnu-tools-for-stm32.10.3-2021.10.win32_1.0.200.202301161003/tools/bin/../lib/gcc/arm-none-eabi/10.3.1/../../../../arm-none-eabi/lib/thumb/v7-m/nofp\libc_nano.a(lib_a-memset.o)
                0x0000000008002808                memset
 *(.glue_7)
 .glue_7        0x0000000008002818        0x0 linker stubs
 *(.glue_7t)
 .glue_7t       0x0000000008002818        0x0 linker stubs
 *(.eh_frame)
 .eh_frame      0x0000000008002818        0x0 c:/st/stm32cubeide_1.12.1/stm32cubeide/plugins/com.st.stm32cube.ide.mcu.externaltools.gnu-tools-for-stm32.10.3-2021.10.win32_1.0.200.202301161003/tools/bin/../lib/gcc/arm-none-eabi/10.3.1/thumb/v7-m/nofp/crtbegin.o
 *(.init)
 .init          0x0000000008002818        0x4 c:/st/stm32cubeide_1.12.1/stm32cubeide/plugins/com.st.stm32cube.ide.mcu.externaltools.gnu-tools-for-stm32.10.3-2021.10.win32_1.0.200.202301161003/tools/bin/../lib/gcc/arm-none-eabi/10.3.1/thumb/v7-m/nofp/crti.o
                0x0000000008002818                _init
 .init          0x000000000800281c        0x8 c:/st/stm32cubeide_1.12.1/stm32cubeide/plugins/com.st.stm32cube.ide.mcu.externaltools.gnu-tools-for-stm32.10.3-2021.10.win32_1.0.200.202301161003/tools/bin/../lib/gcc/arm-none-eabi/10.3.1/thumb/v7-m/nofp/crtn.o
 *(.fini)
 .fini          0x0000000008002824        0x4 c:/st/stm32cubeide_1.12.1/stm32cubeide/plugins/com.st.stm32cube.ide.mcu.externaltools.gnu-tools-for-stm32.10.3-2021.10.win32_1.0.200.202301161003/tools/bin/../lib/gcc/arm-none-eabi/10.3.1/thumb/v7-m/nofp/crti.o
                0x0000000008002824                _fini
 .fini          0x0000000008002828        0x8 c:/st/stm32cubeide_1.12.1/stm32cubeide/plugins/com.st.stm32cube.ide.mcu.externaltools.gnu-tools-for-stm32.10.3-2021.10.win32_1.0.200.202301161003/tools/bin/../lib/gcc/arm-none-eabi/10.3.1/thumb/v7-m/nofp/crtn.o
                0x0000000008002830                . = ALIGN (0x4)
                0x0000000008002830                _etext = .

.vfp11_veneer   0x0000000008002830        0x0
 .vfp11_veneer  0x0000000008002830        0x0 linker stubs

.v4_bx          0x0000000008002830        0x0
 .v4_bx         0x0000000008002830        0x0 linker stubs

.iplt           0x0000000008002830        0x0
 .iplt          0x0000000008002830        0x0 c:/st/stm32cubeide_1.12.1/stm32cubeide/plugins/com.st.stm32cube.ide.mcu.externaltools.gnu-tools-for-stm32.10.3-2021.10.win32_1.0.200.202301161003/tools/bin/../lib/gcc/arm-none-eabi/10.3.1/thumb/v7-m/nofp/crtbegin.o

.rodata         0x0000000008002830      0x334
                0x0000000008002830                . = ALIGN (0x4)
 *(.rodata)
 .rodata        0x0000000008002830        0xf ./Core/Src/main.o
 *(.rodata*)
 *fill*         0x000000000800283f        0x1 
 .rodata.POV_Pins
                0x0000000008002840       0x30 ./Core/Src/POV_DisplayCFG.o
                0x0000000008002840                POV_Pins
 .rodata.POV_Font
                0x0000000008002870      0x1e0 ./Core/Src/POV_DisplayCFG.o
                0x0000000008002870                POV_Font
 .rodata.data   0x0000000008002a50       0xf0 ./Core/Src/main.o
                0x0000000008002a50                data
 .rodata.AHBPrescTable
                0x0000000008002b40       0x10 ./Core/Src/system_stm32f1xx.o
                0x0000000008002b40                AHBPrescTable
 .rodata.aPLLMULFactorTable.1
                0x0000000008002b50       0x10 ./Drivers/STM32F1xx_HAL_Driver/Src/stm32f1xx_hal_rcc.o
 .rodata.aPredivFactorTable.0
                0x0000000008002b60        0x2 ./Drivers/STM32F1xx_HAL_Driver/Src/stm32f1xx_hal_rcc.o
                0x0000000008002b64                . = ALIGN (0x4)
 *fill*         0x0000000008002b62        0x2 

.rel.dyn        0x0000000008002b64        0x0
 .rel.iplt      0x0000000008002b64        0x0 c:/st/stm32cubeide_1.12.1/stm32cubeide/plugins/com.st.stm32cube.ide.mcu.externaltools.gnu-tools-for-stm32.10.3-2021.10.win32_1.0.200.202301161003/tools/bin/../lib/gcc/arm-none-eabi/10.3.1/thumb/v7-m/nofp/crtbegin.o

.ARM.extab      0x0000000008002b64        0x0
                0x0000000008002b64                . = ALIGN (0x4)
 *(.ARM.extab* .gnu.linkonce.armextab.*)
                0x0000000008002b64                . = ALIGN (0x4)

.ARM            0x0000000008002b64        0x0
                0x0000000008002b64                . = ALIGN (0x4)
                0x0000000008002b64                __exidx_start = .
 *(.ARM.exidx*)
                0x0000000008002b64                __exidx_end = .
                0x0000000008002b64                . = ALIGN (0x4)

.preinit_array  0x0000000008002b64        0x0
                0x0000000008002b64                . = ALIGN (0x4)
                0x0000000008002b64                PROVIDE (__preinit_array_start = .)
 *(.preinit_array*)
                0x0000000008002b64                PROVIDE (__preinit_array_end = .)
                0x0000000008002b64                . = ALIGN (0x4)

.init_array     0x0000000008002b64        0x4
                0x0000000008002b64                . = ALIGN (0x4)
                0x0000000008002b64                PROVIDE (__init_array_start = .)
 *(SORT_BY_NAME(.init_array.*))
 *(.init_array*)
 .init_array    0x0000000008002b64        0x4 c:/st/stm32cubeide_1.12.1/stm32cubeide/plugins/com.st.stm32cube.ide.mcu.externaltools.gnu-tools-for-stm32.10.3-2021.10.win32_1.0.200.202301161003/tools/bin/../lib/gcc/arm-none-eabi/10.3.1/thumb/v7-m/nofp/crtbegin.o
                0x0000000008002b68                PROVIDE (__init_array_end = .)
                0x0000000008002b68                . = ALIGN (0x4)

.fini_array     0x0000000008002b68        0x4
                0x0000000008002b68                . = ALIGN (0x4)
                [!provide]                        PROVIDE (__fini_array_start = .)
 *(SORT_BY_NAME(.fini_array.*))
 *(.fini_array*)
 .fini_array    0x0000000008002b68        0x4 c:/st/stm32cubeide_1.12.1/stm32cubeide/plugins/com.st.stm32cube.ide.mcu.externaltools.gnu-tools-for-stm32.10.3-2021.10.win32_1.0.200.202301161003/tools/bin/../lib/gcc/arm-none-eabi/10.3.1/thumb/v7-m/nofp/crtbegin.o
                [!provide]                        PROVIDE (__fini_array_end = .)
                0x0000000008002b6c                . = ALIGN (0x4)
                0x0000000008002b6c                _sidata = LOADADDR (.data)

.data           0x0000000020000000       0x10 load address 0x0000000008002b6c
                0x0000000020000000                . = ALIGN (0x4)
                0x0000000020000000                _sdata = .
 *(.data)
 *(.data*)
 .data.POVDigits
                0x0000000020000000        0x1 ./Core/Src/POV_Display.o
                0x0000000020000000                POVDigits
 *fill*         0x0000000020000001        0x3 
 .data.SystemCoreClock
                0x0000000020000004        0x4 ./Core/Src/system_stm32f1xx.o
                0x0000000020000004                SystemCoreClock
 .data.uwTickPrio
                0x0000000020000008        0x4 ./Drivers/STM32F1xx_HAL_Driver/Src/stm32f1xx_hal.o
                0x0000000020000008                uwTickPrio
 .data.uwTickFreq
                0x000000002000000c        0x1 ./Drivers/STM32F1xx_HAL_Driver/Src/stm32f1xx_hal.o
                0x000000002000000c                uwTickFreq
 *(.RamFunc)
 *(.RamFunc*)
                0x0000000020000010                . = ALIGN (0x4)
 *fill*         0x000000002000000d        0x3 
                0x0000000020000010                _edata = .

.igot.plt       0x0000000020000010        0x0 load address 0x0000000008002b7c
 .igot.plt      0x0000000020000010        0x0 c:/st/stm32cubeide_1.12.1/stm32cubeide/plugins/com.st.stm32cube.ide.mcu.externaltools.gnu-tools-for-stm32.10.3-2021.10.win32_1.0.200.202301161003/tools/bin/../lib/gcc/arm-none-eabi/10.3.1/thumb/v7-m/nofp/crtbegin.o
                0x0000000020000010                . = ALIGN (0x4)

.bss            0x0000000020000010      0x1b0 load address 0x0000000008002b7c
                0x0000000020000010                _sbss = .
                0x0000000020000010                __bss_start__ = _sbss
 *(.bss)
 .bss           0x0000000020000010       0x1c c:/st/stm32cubeide_1.12.1/stm32cubeide/plugins/com.st.stm32cube.ide.mcu.externaltools.gnu-tools-for-stm32.10.3-2021.10.win32_1.0.200.202301161003/tools/bin/../lib/gcc/arm-none-eabi/10.3.1/thumb/v7-m/nofp/crtbegin.o
 *(.bss*)
 .bss.TimeDifference
                0x000000002000002c        0x4 ./Core/Src/POV_Display.o
                0x000000002000002c                TimeDifference
 .bss.Capture   0x0000000020000030        0x2 ./Core/Src/POV_Display.o
                0x0000000020000030                Capture
 .bss.ICU_TIM2_OVC
                0x0000000020000032        0x2 ./Core/Src/POV_Display.o
                0x0000000020000032                ICU_TIM2_OVC
 .bss.PixelsCounter
                0x0000000020000034        0x1 ./Core/Src/POV_Display.o
                0x0000000020000034                PixelsCounter
 *fill*         0x0000000020000035        0x3 
 .bss.PovDisplayData
                0x0000000020000038       0xf0 ./Core/Src/POV_Display.o
                0x0000000020000038                PovDisplayData
 .bss.CursPos   0x0000000020000128        0x1 ./Core/Src/POV_Display.o
                0x0000000020000128                CursPos
 .bss.PixelPos  0x0000000020000129        0x1 ./Core/Src/POV_Display.o
                0x0000000020000129                PixelPos
 .bss.sysClockFreq
                0x000000002000012a        0x1 ./Core/Src/POV_Display.o
                0x000000002000012a                sysClockFreq
 *fill*         0x000000002000012b        0x1 
 .bss.htim2     0x000000002000012c       0x48 ./Core/Src/main.o
                0x000000002000012c                htim2
 .bss.htim3     0x0000000020000174       0x48 ./Core/Src/main.o
                0x0000000020000174                htim3
 .bss.uwTick    0x00000000200001bc        0x4 ./Drivers/STM32F1xx_HAL_Driver/Src/stm32f1xx_hal.o
                0x00000000200001bc                uwTick
 *(COMMON)
                0x00000000200001c0                . = ALIGN (0x4)
                0x00000000200001c0                _ebss = .
                0x00000000200001c0                __bss_end__ = _ebss

._user_heap_stack
                0x00000000200001c0      0x600 load address 0x0000000008002b7c
                0x00000000200001c0                . = ALIGN (0x8)
                [!provide]                        PROVIDE (end = .)
                0x00000000200001c0                PROVIDE (_end = .)
                0x00000000200003c0                . = (. + _Min_Heap_Size)
 *fill*         0x00000000200001c0      0x200 
                0x00000000200007c0                . = (. + _Min_Stack_Size)
 *fill*         0x00000000200003c0      0x400 
                0x00000000200007c0                . = ALIGN (0x8)

/DISCARD/
 libc.a(*)
 libm.a(*)
 libgcc.a(*)

.ARM.attributes
                0x0000000000000000       0x29
 *(.ARM.attributes)
 .ARM.attributes
                0x0000000000000000       0x1d c:/st/stm32cubeide_1.12.1/stm32cubeide/plugins/com.st.stm32cube.ide.mcu.externaltools.gnu-tools-for-stm32.10.3-2021.10.win32_1.0.200.202301161003/tools/bin/../lib/gcc/arm-none-eabi/10.3.1/thumb/v7-m/nofp/crti.o
 .ARM.attributes
                0x000000000000001d       0x2d c:/st/stm32cubeide_1.12.1/stm32cubeide/plugins/com.st.stm32cube.ide.mcu.externaltools.gnu-tools-for-stm32.10.3-2021.10.win32_1.0.200.202301161003/tools/bin/../lib/gcc/arm-none-eabi/10.3.1/thumb/v7-m/nofp/crtbegin.o
 .ARM.attributes
                0x000000000000004a       0x2d ./Core/Src/POV_Display.o
 .ARM.attributes
                0x0000000000000077       0x2d ./Core/Src/POV_DisplayCFG.o
 .ARM.attributes
                0x00000000000000a4       0x2d ./Core/Src/main.o
 .ARM.attributes
                0x00000000000000d1       0x2d ./Core/Src/stm32f1xx_hal_msp.o
 .ARM.attributes
                0x00000000000000fe       0x2d ./Core/Src/stm32f1xx_it.o
 .ARM.attributes
                0x000000000000012b       0x2d ./Core/Src/system_stm32f1xx.o
 .ARM.attributes
                0x0000000000000158       0x21 ./Core/Startup/startup_stm32f103c6tx.o
 .ARM.attributes
                0x0000000000000179       0x2d ./Drivers/STM32F1xx_HAL_Driver/Src/stm32f1xx_hal.o
 .ARM.attributes
                0x00000000000001a6       0x2d ./Drivers/STM32F1xx_HAL_Driver/Src/stm32f1xx_hal_cortex.o
 .ARM.attributes
                0x00000000000001d3       0x2d ./Drivers/STM32F1xx_HAL_Driver/Src/stm32f1xx_hal_gpio.o
 .ARM.attributes
                0x0000000000000200       0x2d ./Drivers/STM32F1xx_HAL_Driver/Src/stm32f1xx_hal_rcc.o
 .ARM.attributes
                0x000000000000022d       0x2d ./Drivers/STM32F1xx_HAL_Driver/Src/stm32f1xx_hal_tim.o
 .ARM.attributes
                0x000000000000025a       0x2d ./Drivers/STM32F1xx_HAL_Driver/Src/stm32f1xx_hal_tim_ex.o
 .ARM.attributes
                0x0000000000000287       0x2d c:/st/stm32cubeide_1.12.1/stm32cubeide/plugins/com.st.stm32cube.ide.mcu.externaltools.gnu-tools-for-stm32.10.3-2021.10.win32_1.0.200.202301161003/tools/bin/../lib/gcc/arm-none-eabi/10.3.1/../../../../arm-none-eabi/lib/thumb/v7-m/nofp\libc_nano.a(lib_a-init.o)
 .ARM.attributes
                0x00000000000002b4       0x2d c:/st/stm32cubeide_1.12.1/stm32cubeide/plugins/com.st.stm32cube.ide.mcu.externaltools.gnu-tools-for-stm32.10.3-2021.10.win32_1.0.200.202301161003/tools/bin/../lib/gcc/arm-none-eabi/10.3.1/../../../../arm-none-eabi/lib/thumb/v7-m/nofp\libc_nano.a(lib_a-memset.o)
 .ARM.attributes
                0x00000000000002e1       0x1d c:/st/stm32cubeide_1.12.1/stm32cubeide/plugins/com.st.stm32cube.ide.mcu.externaltools.gnu-tools-for-stm32.10.3-2021.10.win32_1.0.200.202301161003/tools/bin/../lib/gcc/arm-none-eabi/10.3.1/thumb/v7-m/nofp/crtn.o
OUTPUT(POV_Display.elf elf32-littlearm)
LOAD linker stubs
LOAD c:/st/stm32cubeide_1.12.1/stm32cubeide/plugins/com.st.stm32cube.ide.mcu.externaltools.gnu-tools-for-stm32.10.3-2021.10.win32_1.0.200.202301161003/tools/bin/../lib/gcc/arm-none-eabi/10.3.1/../../../../arm-none-eabi/lib/thumb/v7-m/nofp\libc.a
LOAD c:/st/stm32cubeide_1.12.1/stm32cubeide/plugins/com.st.stm32cube.ide.mcu.externaltools.gnu-tools-for-stm32.10.3-2021.10.win32_1.0.200.202301161003/tools/bin/../lib/gcc/arm-none-eabi/10.3.1/../../../../arm-none-eabi/lib/thumb/v7-m/nofp\libm.a
LOAD c:/st/stm32cubeide_1.12.1/stm32cubeide/plugins/com.st.stm32cube.ide.mcu.externaltools.gnu-tools-for-stm32.10.3-2021.10.win32_1.0.200.202301161003/tools/bin/../lib/gcc/arm-none-eabi/10.3.1/thumb/v7-m/nofp\libgcc.a

.debug_info     0x0000000000000000     0x940e
 .debug_info    0x0000000000000000      0xe56 ./Core/Src/POV_Display.o
 .debug_info    0x0000000000000e56      0x1ff ./Core/Src/POV_DisplayCFG.o
 .debug_info    0x0000000000001055      0xd7e ./Core/Src/main.o
 .debug_info    0x0000000000001dd3      0xacb ./Core/Src/stm32f1xx_hal_msp.o
 .debug_info    0x000000000000289e      0x70d ./Core/Src/stm32f1xx_it.o
 .debug_info    0x0000000000002fab      0x23d ./Core/Src/system_stm32f1xx.o
 .debug_info    0x00000000000031e8       0x22 ./Core/Startup/startup_stm32f103c6tx.o
 .debug_info    0x000000000000320a      0x716 ./Drivers/STM32F1xx_HAL_Driver/Src/stm32f1xx_hal.o
 .debug_info    0x0000000000003920      0xb02 ./Drivers/STM32F1xx_HAL_Driver/Src/stm32f1xx_hal_cortex.o
 .debug_info    0x0000000000004422      0x615 ./Drivers/STM32F1xx_HAL_Driver/Src/stm32f1xx_hal_gpio.o
 .debug_info    0x0000000000004a37      0x865 ./Drivers/STM32F1xx_HAL_Driver/Src/stm32f1xx_hal_rcc.o
 .debug_info    0x000000000000529c     0x2bab ./Drivers/STM32F1xx_HAL_Driver/Src/stm32f1xx_hal_tim.o
 .debug_info    0x0000000000007e47     0x15c7 ./Drivers/STM32F1xx_HAL_Driver/Src/stm32f1xx_hal_tim_ex.o

.debug_abbrev   0x0000000000000000     0x1945
 .debug_abbrev  0x0000000000000000      0x2f1 ./Core/Src/POV_Display.o
 .debug_abbrev  0x00000000000002f1       0xf9 ./Core/Src/POV_DisplayCFG.o
 .debug_abbrev  0x00000000000003ea      0x2aa ./Core/Src/main.o
 .debug_abbrev  0x0000000000000694      0x1c5 ./Core/Src/stm32f1xx_hal_msp.o
 .debug_abbrev  0x0000000000000859      0x184 ./Core/Src/stm32f1xx_it.o
 .debug_abbrev  0x00000000000009dd      0x13b ./Core/Src/system_stm32f1xx.o
 .debug_abbrev  0x0000000000000b18       0x12 ./Core/Startup/startup_stm32f103c6tx.o
 .debug_abbrev  0x0000000000000b2a      0x1fb ./Drivers/STM32F1xx_HAL_Driver/Src/stm32f1xx_hal.o
 .debug_abbrev  0x0000000000000d25      0x2ed ./Drivers/STM32F1xx_HAL_Driver/Src/stm32f1xx_hal_cortex.o
 .debug_abbrev  0x0000000000001012      0x1bb ./Drivers/STM32F1xx_HAL_Driver/Src/stm32f1xx_hal_gpio.o
 .debug_abbrev  0x00000000000011cd      0x2a8 ./Drivers/STM32F1xx_HAL_Driver/Src/stm32f1xx_hal_rcc.o
 .debug_abbrev  0x0000000000001475      0x264 ./Drivers/STM32F1xx_HAL_Driver/Src/stm32f1xx_hal_tim.o
 .debug_abbrev  0x00000000000016d9      0x26c ./Drivers/STM32F1xx_HAL_Driver/Src/stm32f1xx_hal_tim_ex.o

.debug_aranges  0x0000000000000000      0xa08
 .debug_aranges
                0x0000000000000000       0xb8 ./Core/Src/POV_Display.o
 .debug_aranges
                0x00000000000000b8       0x18 ./Core/Src/POV_DisplayCFG.o
 .debug_aranges
                0x00000000000000d0       0x48 ./Core/Src/main.o
 .debug_aranges
                0x0000000000000118       0x30 ./Core/Src/stm32f1xx_hal_msp.o
 .debug_aranges
                0x0000000000000148       0x70 ./Core/Src/stm32f1xx_it.o
 .debug_aranges
                0x00000000000001b8       0x28 ./Core/Src/system_stm32f1xx.o
 .debug_aranges
                0x00000000000001e0       0x28 ./Core/Startup/startup_stm32f103c6tx.o
 .debug_aranges
                0x0000000000000208       0xe0 ./Drivers/STM32F1xx_HAL_Driver/Src/stm32f1xx_hal.o
 .debug_aranges
                0x00000000000002e8      0x100 ./Drivers/STM32F1xx_HAL_Driver/Src/stm32f1xx_hal_cortex.o
 .debug_aranges
                0x00000000000003e8       0x58 ./Drivers/STM32F1xx_HAL_Driver/Src/stm32f1xx_hal_gpio.o
 .debug_aranges
                0x0000000000000440       0x90 ./Drivers/STM32F1xx_HAL_Driver/Src/stm32f1xx_hal_rcc.o
 .debug_aranges
                0x00000000000004d0      0x3d0 ./Drivers/STM32F1xx_HAL_Driver/Src/stm32f1xx_hal_tim.o
 .debug_aranges
                0x00000000000008a0      0x168 ./Drivers/STM32F1xx_HAL_Driver/Src/stm32f1xx_hal_tim_ex.o

.debug_ranges   0x0000000000000000      0x938
 .debug_ranges  0x0000000000000000       0xa8 ./Core/Src/POV_Display.o
 .debug_ranges  0x00000000000000a8       0x38 ./Core/Src/main.o
 .debug_ranges  0x00000000000000e0       0x20 ./Core/Src/stm32f1xx_hal_msp.o
 .debug_ranges  0x0000000000000100       0x60 ./Core/Src/stm32f1xx_it.o
 .debug_ranges  0x0000000000000160       0x18 ./Core/Src/system_stm32f1xx.o
 .debug_ranges  0x0000000000000178       0x20 ./Core/Startup/startup_stm32f103c6tx.o
 .debug_ranges  0x0000000000000198       0xd0 ./Drivers/STM32F1xx_HAL_Driver/Src/stm32f1xx_hal.o
 .debug_ranges  0x0000000000000268       0xf0 ./Drivers/STM32F1xx_HAL_Driver/Src/stm32f1xx_hal_cortex.o
 .debug_ranges  0x0000000000000358       0x48 ./Drivers/STM32F1xx_HAL_Driver/Src/stm32f1xx_hal_gpio.o
 .debug_ranges  0x00000000000003a0       0x80 ./Drivers/STM32F1xx_HAL_Driver/Src/stm32f1xx_hal_rcc.o
 .debug_ranges  0x0000000000000420      0x3c0 ./Drivers/STM32F1xx_HAL_Driver/Src/stm32f1xx_hal_tim.o
 .debug_ranges  0x00000000000007e0      0x158 ./Drivers/STM32F1xx_HAL_Driver/Src/stm32f1xx_hal_tim_ex.o

.debug_macro    0x0000000000000000    0x16d7d
 .debug_macro   0x0000000000000000      0x27b ./Core/Src/POV_Display.o
 .debug_macro   0x000000000000027b      0xa6c ./Core/Src/POV_Display.o
 .debug_macro   0x0000000000000ce7      0x215 ./Core/Src/POV_Display.o
 .debug_macro   0x0000000000000efc       0x2e ./Core/Src/POV_Display.o
 .debug_macro   0x0000000000000f2a       0x22 ./Core/Src/POV_Display.o
 .debug_macro   0x0000000000000f4c       0x22 ./Core/Src/POV_Display.o
 .debug_macro   0x0000000000000f6e       0x8e ./Core/Src/POV_Display.o
 .debug_macro   0x0000000000000ffc       0x51 ./Core/Src/POV_Display.o
 .debug_macro   0x000000000000104d      0x103 ./Core/Src/POV_Display.o
 .debug_macro   0x0000000000001150       0x6a ./Core/Src/POV_Display.o
 .debug_macro   0x00000000000011ba      0x1df ./Core/Src/POV_Display.o
 .debug_macro   0x0000000000001399       0x1c ./Core/Src/POV_Display.o
 .debug_macro   0x00000000000013b5       0x22 ./Core/Src/POV_Display.o
 .debug_macro   0x00000000000013d7       0xbd ./Core/Src/POV_Display.o
 .debug_macro   0x0000000000001494      0xd23 ./Core/Src/POV_Display.o
 .debug_macro   0x00000000000021b7     0xde75 ./Core/Src/POV_Display.o
 .debug_macro   0x000000000001002c       0x6d ./Core/Src/POV_Display.o
 .debug_macro   0x0000000000010099     0x348d ./Core/Src/POV_Display.o
 .debug_macro   0x0000000000013526      0x174 ./Core/Src/POV_Display.o
 .debug_macro   0x000000000001369a       0x5c ./Core/Src/POV_Display.o
 .debug_macro   0x00000000000136f6      0x5bc ./Core/Src/POV_Display.o
 .debug_macro   0x0000000000013cb2      0x1b7 ./Core/Src/POV_Display.o
 .debug_macro   0x0000000000013e69      0x1cb ./Core/Src/POV_Display.o
 .debug_macro   0x0000000000014034      0x114 ./Core/Src/POV_Display.o
 .debug_macro   0x0000000000014148      0x1b2 ./Core/Src/POV_Display.o
 .debug_macro   0x00000000000142fa       0x27 ./Core/Src/POV_Display.o
 .debug_macro   0x0000000000014321      0x12f ./Core/Src/POV_Display.o
 .debug_macro   0x0000000000014450      0x1bc ./Core/Src/POV_Display.o
 .debug_macro   0x000000000001460c       0x34 ./Core/Src/POV_Display.o
 .debug_macro   0x0000000000014640       0x3c ./Core/Src/POV_Display.o
 .debug_macro   0x000000000001467c       0x57 ./Core/Src/POV_Display.o
 .debug_macro   0x00000000000146d3       0x87 ./Core/Src/POV_Display.o
 .debug_macro   0x000000000001475a      0x183 ./Core/Src/POV_Display.o
 .debug_macro   0x00000000000148dd      0x140 ./Core/Src/POV_Display.o
 .debug_macro   0x0000000000014a1d      0x8ed ./Core/Src/POV_Display.o
 .debug_macro   0x000000000001530a       0x69 ./Core/Src/POV_Display.o
 .debug_macro   0x0000000000015373       0x2e ./Core/Src/POV_Display.o
 .debug_macro   0x00000000000153a1       0x10 ./Core/Src/POV_Display.o
 .debug_macro   0x00000000000153b1       0x18 ./Core/Src/POV_Display.o
 .debug_macro   0x00000000000153c9       0x52 ./Core/Src/POV_Display.o
 .debug_macro   0x000000000001541b       0x3c ./Core/Src/POV_Display.o
 .debug_macro   0x0000000000015457       0x34 ./Core/Src/POV_Display.o
 .debug_macro   0x000000000001548b       0x16 ./Core/Src/POV_Display.o
 .debug_macro   0x00000000000154a1       0x35 ./Core/Src/POV_Display.o
 .debug_macro   0x00000000000154d6       0x16 ./Core/Src/POV_Display.o
 .debug_macro   0x00000000000154ec       0x43 ./Core/Src/POV_Display.o
 .debug_macro   0x000000000001552f       0x34 ./Core/Src/POV_Display.o
 .debug_macro   0x0000000000015563       0x10 ./Core/Src/POV_Display.o
 .debug_macro   0x0000000000015573       0x58 ./Core/Src/POV_Display.o
 .debug_macro   0x00000000000155cb       0x71 ./Core/Src/POV_Display.o
 .debug_macro   0x000000000001563c       0x1c ./Core/Src/POV_Display.o
 .debug_macro   0x0000000000015658      0x12a ./Core/Src/POV_Display.o
 .debug_macro   0x0000000000015782      0x341 ./Core/Src/POV_Display.o
 .debug_macro   0x0000000000015ac3       0x16 ./Core/Src/POV_Display.o
 .debug_macro   0x0000000000015ad9       0x29 ./Core/Src/POV_Display.o
 .debug_macro   0x0000000000015b02      0x1b3 ./Core/Src/POV_DisplayCFG.o
 .debug_macro   0x0000000000015cb5      0x1b9 ./Core/Src/main.o
 .debug_macro   0x0000000000015e6e      0x1a1 ./Core/Src/stm32f1xx_hal_msp.o
 .debug_macro   0x000000000001600f      0x1ab ./Core/Src/stm32f1xx_it.o
 .debug_macro   0x00000000000161ba      0x197 ./Core/Src/system_stm32f1xx.o
 .debug_macro   0x0000000000016351      0x1bb ./Drivers/STM32F1xx_HAL_Driver/Src/stm32f1xx_hal.o
 .debug_macro   0x000000000001650c      0x197 ./Drivers/STM32F1xx_HAL_Driver/Src/stm32f1xx_hal_cortex.o
 .debug_macro   0x00000000000166a3      0x202 ./Drivers/STM32F1xx_HAL_Driver/Src/stm32f1xx_hal_gpio.o
 .debug_macro   0x00000000000168a5      0x1a9 ./Drivers/STM32F1xx_HAL_Driver/Src/stm32f1xx_hal_rcc.o
 .debug_macro   0x0000000000016a4e      0x198 ./Drivers/STM32F1xx_HAL_Driver/Src/stm32f1xx_hal_tim.o
 .debug_macro   0x0000000000016be6      0x197 ./Drivers/STM32F1xx_HAL_Driver/Src/stm32f1xx_hal_tim_ex.o

.debug_line     0x0000000000000000     0xa70c
 .debug_line    0x0000000000000000      0xc8b ./Core/Src/POV_Display.o
 .debug_line    0x0000000000000c8b      0x661 ./Core/Src/POV_DisplayCFG.o
 .debug_line    0x00000000000012ec      0x868 ./Core/Src/main.o
 .debug_line    0x0000000000001b54      0x6d0 ./Core/Src/stm32f1xx_hal_msp.o
 .debug_line    0x0000000000002224      0x754 ./Core/Src/stm32f1xx_it.o
 .debug_line    0x0000000000002978      0x6e0 ./Core/Src/system_stm32f1xx.o
 .debug_line    0x0000000000003058       0x86 ./Core/Startup/startup_stm32f103c6tx.o
 .debug_line    0x00000000000030de      0x90d ./Drivers/STM32F1xx_HAL_Driver/Src/stm32f1xx_hal.o
 .debug_line    0x00000000000039eb      0xaf5 ./Drivers/STM32F1xx_HAL_Driver/Src/stm32f1xx_hal_cortex.o
 .debug_line    0x00000000000044e0      0x991 ./Drivers/STM32F1xx_HAL_Driver/Src/stm32f1xx_hal_gpio.o
 .debug_line    0x0000000000004e71      0xd19 ./Drivers/STM32F1xx_HAL_Driver/Src/stm32f1xx_hal_rcc.o
 .debug_line    0x0000000000005b8a     0x334f ./Drivers/STM32F1xx_HAL_Driver/Src/stm32f1xx_hal_tim.o
 .debug_line    0x0000000000008ed9     0x1833 ./Drivers/STM32F1xx_HAL_Driver/Src/stm32f1xx_hal_tim_ex.o

.debug_str      0x0000000000000000    0x84d6e
 .debug_str     0x0000000000000000    0x8283c ./Core/Src/POV_Display.o
                                      0x82c4d (size before relaxing)
 .debug_str     0x000000000008283c       0x1d ./Core/Src/POV_DisplayCFG.o
                                      0x7f59f (size before relaxing)
 .debug_str     0x0000000000082859      0x387 ./Core/Src/main.o
                                      0x7fe8b (size before relaxing)
 .debug_str     0x0000000000082be0      0x310 ./Core/Src/stm32f1xx_hal_msp.o
                                      0x7fd75 (size before relaxing)
 .debug_str     0x0000000000082ef0       0xfc ./Core/Src/stm32f1xx_it.o
                                      0x7fa51 (size before relaxing)
 .debug_str     0x0000000000082fec       0x7e ./Core/Src/system_stm32f1xx.o
                                      0x7f560 (size before relaxing)
 .debug_str     0x000000000008306a       0x36 ./Core/Startup/startup_stm32f103c6tx.o
                                         0x6a (size before relaxing)
 .debug_str     0x00000000000830a0      0x384 ./Drivers/STM32F1xx_HAL_Driver/Src/stm32f1xx_hal.o
                                      0x7fc59 (size before relaxing)
 .debug_str     0x0000000000083424      0x294 ./Drivers/STM32F1xx_HAL_Driver/Src/stm32f1xx_hal_cortex.o
                                      0x7fba5 (size before relaxing)
 .debug_str     0x00000000000836b8      0x2d3 ./Drivers/STM32F1xx_HAL_Driver/Src/stm32f1xx_hal_gpio.o
                                      0x7f8e6 (size before relaxing)
 .debug_str     0x000000000008398b      0x211 ./Drivers/STM32F1xx_HAL_Driver/Src/stm32f1xx_hal_rcc.o
                                      0x7f98f (size before relaxing)
 .debug_str     0x0000000000083b9c      0xd3f ./Drivers/STM32F1xx_HAL_Driver/Src/stm32f1xx_hal_tim.o
                                      0x80981 (size before relaxing)
 .debug_str     0x00000000000848db      0x493 ./Drivers/STM32F1xx_HAL_Driver/Src/stm32f1xx_hal_tim_ex.o
                                      0x8019d (size before relaxing)

.comment        0x0000000000000000       0x50
 .comment       0x0000000000000000       0x50 ./Core/Src/POV_Display.o
                                         0x51 (size before relaxing)
 .comment       0x0000000000000050       0x51 ./Core/Src/POV_DisplayCFG.o
 .comment       0x0000000000000050       0x51 ./Core/Src/main.o
 .comment       0x0000000000000050       0x51 ./Core/Src/stm32f1xx_hal_msp.o
 .comment       0x0000000000000050       0x51 ./Core/Src/stm32f1xx_it.o
 .comment       0x0000000000000050       0x51 ./Core/Src/system_stm32f1xx.o
 .comment       0x0000000000000050       0x51 ./Drivers/STM32F1xx_HAL_Driver/Src/stm32f1xx_hal.o
 .comment       0x0000000000000050       0x51 ./Drivers/STM32F1xx_HAL_Driver/Src/stm32f1xx_hal_cortex.o
 .comment       0x0000000000000050       0x51 ./Drivers/STM32F1xx_HAL_Driver/Src/stm32f1xx_hal_gpio.o
 .comment       0x0000000000000050       0x51 ./Drivers/STM32F1xx_HAL_Driver/Src/stm32f1xx_hal_rcc.o
 .comment       0x0000000000000050       0x51 ./Drivers/STM32F1xx_HAL_Driver/Src/stm32f1xx_hal_tim.o
 .comment       0x0000000000000050       0x51 ./Drivers/STM32F1xx_HAL_Driver/Src/stm32f1xx_hal_tim_ex.o

.debug_frame    0x0000000000000000     0x28fc
 .debug_frame   0x0000000000000000      0x314 ./Core/Src/POV_Display.o
 .debug_frame   0x0000000000000314       0xd8 ./Core/Src/main.o
 .debug_frame   0x00000000000003ec       0x80 ./Core/Src/stm32f1xx_hal_msp.o
 .debug_frame   0x000000000000046c      0x13c ./Core/Src/stm32f1xx_it.o
 .debug_frame   0x00000000000005a8       0x58 ./Core/Src/system_stm32f1xx.o
 .debug_frame   0x0000000000000600      0x334 ./Drivers/STM32F1xx_HAL_Driver/Src/stm32f1xx_hal.o
 .debug_frame   0x0000000000000934      0x428 ./Drivers/STM32F1xx_HAL_Driver/Src/stm32f1xx_hal_cortex.o
 .debug_frame   0x0000000000000d5c      0x14c ./Drivers/STM32F1xx_HAL_Driver/Src/stm32f1xx_hal_gpio.o
 .debug_frame   0x0000000000000ea8      0x218 ./Drivers/STM32F1xx_HAL_Driver/Src/stm32f1xx_hal_rcc.o
 .debug_frame   0x00000000000010c0     0x11b8 ./Drivers/STM32F1xx_HAL_Driver/Src/stm32f1xx_hal_tim.o
 .debug_frame   0x0000000000002278      0x638 ./Drivers/STM32F1xx_HAL_Driver/Src/stm32f1xx_hal_tim_ex.o
 .debug_frame   0x00000000000028b0       0x2c c:/st/stm32cubeide_1.12.1/stm32cubeide/plugins/com.st.stm32cube.ide.mcu.externaltools.gnu-tools-for-stm32.10.3-2021.10.win32_1.0.200.202301161003/tools/bin/../lib/gcc/arm-none-eabi/10.3.1/../../../../arm-none-eabi/lib/thumb/v7-m/nofp\libc_nano.a(lib_a-init.o)
 .debug_frame   0x00000000000028dc       0x20 c:/st/stm32cubeide_1.12.1/stm32cubeide/plugins/com.st.stm32cube.ide.mcu.externaltools.gnu-tools-for-stm32.10.3-2021.10.win32_1.0.200.202301161003/tools/bin/../lib/gcc/arm-none-eabi/10.3.1/../../../../arm-none-eabi/lib/thumb/v7-m/nofp\libc_nano.a(lib_a-memset.o)
